C:/Users/hisah/satumaimo/Core/Src/main.c:70:6:is_my_can_id	24	static
C:/Users/hisah/satumaimo/Core/Src/main.c:79:6:HAL_CAN_RxFifo0MsgPendingCallback	56	static,ignoring_inline_asm
C:/Users/hisah/satumaimo/Core/Src/main.c:163:24:pwm_limit	24	static
C:/Users/hisah/satumaimo/Core/Src/main.c:170:20:set_bidirectional_pwm	32	static
C:/Users/hisah/satumaimo/Core/Src/main.c:199:5:main	80	static,ignoring_inline_asm
C:/Users/hisah/satumaimo/Core/Src/main.c:368:6:SystemClock_Config	96	static
C:/Users/hisah/satumaimo/Core/Src/main.c:413:13:MX_CAN_Init	8	static
C:/Users/hisah/satumaimo/Core/Src/main.c:449:13:MX_TIM1_Init	112	static
C:/Users/hisah/satumaimo/Core/Src/main.c:536:13:MX_TIM2_Init	64	static
C:/Users/hisah/satumaimo/Core/Src/main.c:598:13:MX_TIM3_Init	64	static
C:/Users/hisah/satumaimo/Core/Src/main.c:660:13:MX_TIM17_Init	80	static
C:/Users/hisah/satumaimo/Core/Src/main.c:722:13:MX_USART2_UART_Init	8	static
C:/Users/hisah/satumaimo/Core/Src/main.c:756:13:MX_GPIO_Init	40	static
C:/Users/hisah/satumaimo/Core/Src/main.c:802:6:Error_Handler	4	static,ignoring_inline_asm
