C:/Users/hisah/satumaimo/Core/Src/main.c:70:6:is_my_can_id	3
C:/Users/hisah/satumaimo/Core/Src/main.c:79:6:HAL_CAN_RxFifo0MsgPendingCallback	5
C:/Users/hisah/satumaimo/Core/Src/main.c:163:24:pwm_limit	1
C:/Users/hisah/satumaimo/Core/Src/main.c:170:20:set_bidirectional_pwm	33
C:/Users/hisah/satumaimo/Core/Src/main.c:199:5:main	12
C:/Users/hisah/satumaimo/Core/Src/main.c:368:6:SystemClock_Config	4
C:/Users/hisah/satumaimo/Core/Src/main.c:413:13:MX_CAN_Init	2
C:/Users/hisah/satumaimo/Core/Src/main.c:449:13:MX_TIM1_Init	9
C:/Users/hisah/satumaimo/Core/Src/main.c:536:13:MX_TIM2_Init	7
C:/Users/hisah/satumaimo/Core/Src/main.c:598:13:MX_TIM3_Init	7
C:/Users/hisah/satumaimo/Core/Src/main.c:660:13:MX_TIM17_Init	5
C:/Users/hisah/satumaimo/Core/Src/main.c:722:13:MX_USART2_UART_Init	2
C:/Users/hisah/satumaimo/Core/Src/main.c:756:13:MX_GPIO_Init	1
C:/Users/hisah/satumaimo/Core/Src/main.c:802:6:Error_Handler	1
