C:/Users/hisah/satumaimo/Core/Src/main.c:70:6:select_ID	1
C:/Users/hisah/satumaimo/Core/Src/main.c:81:6:is_my_can_id	3
C:/Users/hisah/satumaimo/Core/Src/main.c:90:6:HAL_CAN_RxFifo0MsgPendingCallback	5
C:/Users/hisah/satumaimo/Core/Src/main.c:174:24:pwm_limit	1
C:/Users/hisah/satumaimo/Core/Src/main.c:181:20:set_bidirectional_pwm	33
C:/Users/hisah/satumaimo/Core/Src/main.c:210:5:main	12
C:/Users/hisah/satumaimo/Core/Src/main.c:381:6:SystemClock_Config	4
C:/Users/hisah/satumaimo/Core/Src/main.c:426:13:MX_CAN_Init	2
C:/Users/hisah/satumaimo/Core/Src/main.c:462:13:MX_TIM1_Init	9
C:/Users/hisah/satumaimo/Core/Src/main.c:549:13:MX_TIM2_Init	7
C:/Users/hisah/satumaimo/Core/Src/main.c:611:13:MX_TIM3_Init	7
C:/Users/hisah/satumaimo/Core/Src/main.c:673:13:MX_TIM17_Init	5
C:/Users/hisah/satumaimo/Core/Src/main.c:735:13:MX_USART2_UART_Init	2
C:/Users/hisah/satumaimo/Core/Src/main.c:769:13:MX_GPIO_Init	1
C:/Users/hisah/satumaimo/Core/Src/main.c:815:6:Error_Handler	1
